pre var x = 1; function foo(a){console.log(a);}; foo(x);
1
invoking func: bound log
invoking func: foo
location inside eval on line: 16
post var x = 1; function foo(a){console.log(a);}; foo(x);
